
Running 168 tests using 1 worker

  ✓    1 [Chrome Desktop] › testing\pay21-secondary-cta.spec.js:122:3 › PAY21 - Control (unmodified live homepage) › TC-C-01 no PAY21 variation markup present (14.9s)
  ✓    2 [Chrome Desktop] › testing\pay21-secondary-cta.spec.js:127:3 › PAY21 - Control (unmodified live homepage) › TC-C-02 original hero visible with existing "Get started" + "Contact sales" CTAs (13.1s)
  ✓    3 [Chrome Desktop] › testing\pay21-secondary-cta.spec.js:135:3 › PAY21 - Control (unmodified live homepage) › TC-G-01c control "Contact sales" opens the shared contact-sales modal (23.1s)
  ✓    4 [Chrome Desktop] › testing\pay21-secondary-cta.spec.js:146:3 › PAY21 - Variation (secondary CTA = "Contact sales") › TC-V-01 body gets cre-t-21 class and original hero is hidden (15.0s)
  ✓    5 [Chrome Desktop] › testing\pay21-secondary-cta.spec.js:151:3 › PAY21 - Variation (secondary CTA = "Contact sales") › TC-V-02 new hero section injected exactly once (11.3s)
  ✓    6 [Chrome Desktop] › testing\pay21-secondary-cta.spec.js:155:3 › PAY21 - Variation (secondary CTA = "Contact sales") › TC-V-03 headline copy matches Figma ("Pay any business expense..." / "Earn points" highlighted) (11.7s)
  ✓    7 [Chrome Desktop] › testing\pay21-secondary-cta.spec.js:162:3 › PAY21 - Variation (secondary CTA = "Contact sales") › TC-V-04 subheader body copy matches Figma (11.3s)
  ✓    8 [Chrome Desktop] › testing\pay21-secondary-cta.spec.js:168:3 › PAY21 - Variation (secondary CTA = "Contact sales") › TC-V-05 secondary CTA reads "Contact sales" (not "How it works") (13.0s)
  ✘    9 [Chrome Desktop] › testing\pay21-secondary-cta.spec.js:173:3 › PAY21 - Variation (secondary CTA = "Contact sales") › TC-V-06 [BUG-01] trust line matches Figma spec exactly (16.1s)
  ✓   10 [Chrome Desktop] › testing\pay21-secondary-cta.spec.js:184:3 › PAY21 - Variation (secondary CTA = "Contact sales") › TC-V-07 primary CTA "Create your free account" points to the register funnel (12.1s)
  ✓   11 [Chrome Desktop] › testing\pay21-secondary-cta.spec.js:192:3 › PAY21 - Variation (secondary CTA = "Contact sales") › TC-G-01v "Contact sales" opens the SAME shared modal as control (same action) (13.1s)
  ✓   12 [Chrome Desktop] › testing\pay21-secondary-cta.spec.js:197:3 › PAY21 - Variation (secondary CTA = "Contact sales") › TC-V-08 bottom microcopy renders with "for free" emphasis (11.3s)
  ✓   13 [Chrome Desktop] › testing\pay21-secondary-cta.spec.js:202:3 › PAY21 - Variation (secondary CTA = "Contact sales") › TC-V-09 hero image loads (naturalWidth > 0) and has descriptive alt text (14.0s)
  ✓   14 [Chrome Desktop] › testing\pay21-secondary-cta.spec.js:209:3 › PAY21 - Variation (secondary CTA = "Contact sales") › TC-V-10 no duplicate injection when vB.js runs a second time (12.3s)
  ✘   15 [Chrome Desktop] › testing\pay21-secondary-cta.spec.js:216:3 › PAY21 - Variation (secondary CTA = "Contact sales") › TC-V-11 re-running vB.js does not double-fire the contact-sales click handler (11.1s)
  ✓   16 [Chrome Desktop] › testing\pay21-secondary-cta.spec.js:224:3 › PAY21 - Variation (secondary CTA = "Contact sales") › TC-V-12 no console errors on the variation (34.6s)
  ✓   17 [Chrome Desktop] › testing\pay21-secondary-cta.spec.js:243:3 › PAY21 - Custom goal network verification (force-tracking QA links) › TC-G-02c goal: "Contact Sales" click fires logx.optimizely.com event on CONTROL (11.5s)
  ✓   18 [Chrome Desktop] › testing\pay21-secondary-cta.spec.js:259:3 › PAY21 - Custom goal network verification (force-tracking QA links) › TC-G-02v goal: "Contact Sales" click fires logx.optimizely.com event on VARIATION (11.0s)
  -   19 [Chrome Desktop] › testing\pay21-secondary-cta.spec.js:277:3 › PAY21 - Custom goal network verification (force-tracking QA links) › TC-G-03v [info] "Create your free account" click goal — best-effort network check
  ✓   20 [Chrome Desktop] › testing\pay21-secondary-cta.spec.js:308:5 › PAY21 - Variation responsive layout (matches vB.css breakpoints) › TC-R-1280 desktop 1280px (>1108px — base row layout) (17.8s)
  ✓   21 [Chrome Desktop] › testing\pay21-secondary-cta.spec.js:308:5 › PAY21 - Variation responsive layout (matches vB.css breakpoints) › TC-R-1000 small-desktop 1000px (899-1108px band — still row, smaller font) (20.4s)
  ✓   22 [Chrome Desktop] › testing\pay21-secondary-cta.spec.js:308:5 › PAY21 - Variation responsive layout (matches vB.css breakpoints) › TC-R-850 tablet 850px (<=898px — column layout) (13.4s)
  ✓   23 [Chrome Desktop] › testing\pay21-secondary-cta.spec.js:308:5 › PAY21 - Variation responsive layout (matches vB.css breakpoints) › TC-R-600 mobile 600px (<=767px — full-width CTAs) (14.9s)
  ✓   24 [Chrome Desktop] › testing\pay21-secondary-cta.spec.js:308:5 › PAY21 - Variation responsive layout (matches vB.css breakpoints) › TC-R-375 small-mobile 375px (<=390px band) (28.2s)
  ✓   25 [Firefox Desktop] › testing\pay21-secondary-cta.spec.js:122:3 › PAY21 - Control (unmodified live homepage) › TC-C-01 no PAY21 variation markup present (19.4s)
  ✓   26 [Firefox Desktop] › testing\pay21-secondary-cta.spec.js:127:3 › PAY21 - Control (unmodified live homepage) › TC-C-02 original hero visible with existing "Get started" + "Contact sales" CTAs (23.9s)
  ✓   27 [Firefox Desktop] › testing\pay21-secondary-cta.spec.js:135:3 › PAY21 - Control (unmodified live homepage) › TC-G-01c control "Contact sales" opens the shared contact-sales modal (14.4s)
  ✓   28 [Firefox Desktop] › testing\pay21-secondary-cta.spec.js:146:3 › PAY21 - Variation (secondary CTA = "Contact sales") › TC-V-01 body gets cre-t-21 class and original hero is hidden (11.2s)
  ✓   29 [Firefox Desktop] › testing\pay21-secondary-cta.spec.js:151:3 › PAY21 - Variation (secondary CTA = "Contact sales") › TC-V-02 new hero section injected exactly once (11.3s)
  ✓   30 [Firefox Desktop] › testing\pay21-secondary-cta.spec.js:155:3 › PAY21 - Variation (secondary CTA = "Contact sales") › TC-V-03 headline copy matches Figma ("Pay any business expense..." / "Earn points" highlighted) (12.1s)
  ✓   31 [Firefox Desktop] › testing\pay21-secondary-cta.spec.js:162:3 › PAY21 - Variation (secondary CTA = "Contact sales") › TC-V-04 subheader body copy matches Figma (12.2s)
  ✓   32 [Firefox Desktop] › testing\pay21-secondary-cta.spec.js:168:3 › PAY21 - Variation (secondary CTA = "Contact sales") › TC-V-05 secondary CTA reads "Contact sales" (not "How it works") (29.3s)
  ✘   33 [Firefox Desktop] › testing\pay21-secondary-cta.spec.js:173:3 › PAY21 - Variation (secondary CTA = "Contact sales") › TC-V-06 [BUG-01] trust line matches Figma spec exactly (18.0s)
  ✓   34 [Firefox Desktop] › testing\pay21-secondary-cta.spec.js:184:3 › PAY21 - Variation (secondary CTA = "Contact sales") › TC-V-07 primary CTA "Create your free account" points to the register funnel (12.5s)
  ✓   35 [Firefox Desktop] › testing\pay21-secondary-cta.spec.js:192:3 › PAY21 - Variation (secondary CTA = "Contact sales") › TC-G-01v "Contact sales" opens the SAME shared modal as control (same action) (12.2s)
  ✓   36 [Firefox Desktop] › testing\pay21-secondary-cta.spec.js:197:3 › PAY21 - Variation (secondary CTA = "Contact sales") › TC-V-08 bottom microcopy renders with "for free" emphasis (10.4s)
  ✓   37 [Firefox Desktop] › testing\pay21-secondary-cta.spec.js:202:3 › PAY21 - Variation (secondary CTA = "Contact sales") › TC-V-09 hero image loads (naturalWidth > 0) and has descriptive alt text (13.6s)
  ✘   38 [Firefox Desktop] › testing\pay21-secondary-cta.spec.js:209:3 › PAY21 - Variation (secondary CTA = "Contact sales") › TC-V-10 no duplicate injection when vB.js runs a second time (12.5s)
  ✘   39 [Firefox Desktop] › testing\pay21-secondary-cta.spec.js:216:3 › PAY21 - Variation (secondary CTA = "Contact sales") › TC-V-11 re-running vB.js does not double-fire the contact-sales click handler (11.6s)
  ✘   40 [Firefox Desktop] › testing\pay21-secondary-cta.spec.js:224:3 › PAY21 - Variation (secondary CTA = "Contact sales") › TC-V-12 no console errors on the variation (16.8s)
  -   41 [Firefox Desktop] › testing\pay21-secondary-cta.spec.js:243:3 › PAY21 - Custom goal network verification (force-tracking QA links) › TC-G-02c goal: "Contact Sales" click fires logx.optimizely.com event on CONTROL
  ✓   42 [Firefox Desktop] › testing\pay21-secondary-cta.spec.js:259:3 › PAY21 - Custom goal network verification (force-tracking QA links) › TC-G-02v goal: "Contact Sales" click fires logx.optimizely.com event on VARIATION (20.5s)
  -   43 [Firefox Desktop] › testing\pay21-secondary-cta.spec.js:277:3 › PAY21 - Custom goal network verification (force-tracking QA links) › TC-G-03v [info] "Create your free account" click goal — best-effort network check
  ✓   44 [Firefox Desktop] › testing\pay21-secondary-cta.spec.js:308:5 › PAY21 - Variation responsive layout (matches vB.css breakpoints) › TC-R-1280 desktop 1280px (>1108px — base row layout) (12.4s)
  ✓   45 [Firefox Desktop] › testing\pay21-secondary-cta.spec.js:308:5 › PAY21 - Variation responsive layout (matches vB.css breakpoints) › TC-R-1000 small-desktop 1000px (899-1108px band — still row, smaller font) (10.6s)
  ✓   46 [Firefox Desktop] › testing\pay21-secondary-cta.spec.js:308:5 › PAY21 - Variation responsive layout (matches vB.css breakpoints) › TC-R-850 tablet 850px (<=898px — column layout) (11.6s)
  ✓   47 [Firefox Desktop] › testing\pay21-secondary-cta.spec.js:308:5 › PAY21 - Variation responsive layout (matches vB.css breakpoints) › TC-R-600 mobile 600px (<=767px — full-width CTAs) (13.3s)
  ✓   48 [Firefox Desktop] › testing\pay21-secondary-cta.spec.js:308:5 › PAY21 - Variation responsive layout (matches vB.css breakpoints) › TC-R-375 small-mobile 375px (<=390px band) (12.7s)
  ✓   49 [Edge Desktop] › testing\pay21-secondary-cta.spec.js:122:3 › PAY21 - Control (unmodified live homepage) › TC-C-01 no PAY21 variation markup present (22.6s)
  ✓   50 [Edge Desktop] › testing\pay21-secondary-cta.spec.js:127:3 › PAY21 - Control (unmodified live homepage) › TC-C-02 original hero visible with existing "Get started" + "Contact sales" CTAs (31.1s)
  ✓   51 [Edge Desktop] › testing\pay21-secondary-cta.spec.js:135:3 › PAY21 - Control (unmodified live homepage) › TC-G-01c control "Contact sales" opens the shared contact-sales modal (25.9s)
  ✓   52 [Edge Desktop] › testing\pay21-secondary-cta.spec.js:146:3 › PAY21 - Variation (secondary CTA = "Contact sales") › TC-V-01 body gets cre-t-21 class and original hero is hidden (22.0s)
  ✓   53 [Edge Desktop] › testing\pay21-secondary-cta.spec.js:151:3 › PAY21 - Variation (secondary CTA = "Contact sales") › TC-V-02 new hero section injected exactly once (11.7s)
  ✓   54 [Edge Desktop] › testing\pay21-secondary-cta.spec.js:155:3 › PAY21 - Variation (secondary CTA = "Contact sales") › TC-V-03 headline copy matches Figma ("Pay any business expense..." / "Earn points" highlighted) (11.4s)
  ✓   55 [Edge Desktop] › testing\pay21-secondary-cta.spec.js:162:3 › PAY21 - Variation (secondary CTA = "Contact sales") › TC-V-04 subheader body copy matches Figma (13.5s)
  ✓   56 [Edge Desktop] › testing\pay21-secondary-cta.spec.js:168:3 › PAY21 - Variation (secondary CTA = "Contact sales") › TC-V-05 secondary CTA reads "Contact sales" (not "How it works") (22.9s)
