
Running 43 tests using 1 worker

  ✓   1 [Chrome Desktop] › testing\winkbeds-win257-cart-modal.spec.js:326:3 › A. Trigger & qualification › TC-01 Control variant renders no modal and no cre-t-257 artefacts (26.1s)
  ✓   2 [Chrome Desktop] › testing\winkbeds-win257-cart-modal.spec.js:338:3 › A. Trigger & qualification › TC-02 SPEC: modal must appear on ANY page — homepage (13.7s)
  ✓   3 [Chrome Desktop] › testing\winkbeds-win257-cart-modal.spec.js:354:3 › A. Trigger & qualification › TC-03 Modal renders on the PDP when all 4 conditions are met (11.8s)
  ✘   4 [Chrome Desktop] › testing\winkbeds-win257-cart-modal.spec.js:372:3 › A. Trigger & qualification › TC-04 Real activation path fires after the 5s delay (no manual injection) (11.2s)
  ✓   5 [Chrome Desktop] › testing\winkbeds-win257-cart-modal.spec.js:422:3 › A. Trigger & qualification › TC-05 Does NOT qualify: cart empty (19.8s)
  ✓   6 [Chrome Desktop] › testing\winkbeds-win257-cart-modal.spec.js:432:3 › A. Trigger & qualification › TC-06 Does NOT qualify: mattress already has Frost Cooling Cover (22.8s)
  ✓   7 [Chrome Desktop] › testing\winkbeds-win257-cart-modal.spec.js:442:3 › A. Trigger & qualification › TC-07 Does NOT qualify: two WinkBed mattresses (2 line items) (22.6s)
  ✓   8 [Chrome Desktop] › testing\winkbeds-win257-cart-modal.spec.js:456:3 › A. Trigger & qualification › TC-08 SPEC: must NOT qualify with quantity 2 of one WinkBed (22.8s)
  ✓   9 [Chrome Desktop] › testing\winkbeds-win257-cart-modal.spec.js:471:3 › A. Trigger & qualification › TC-09 Does NOT qualify: GravityLux / EcoCloud only (21.4s)
  ✘  10 [Chrome Desktop] › testing\winkbeds-win257-cart-modal.spec.js:481:3 › A. Trigger & qualification › TC-10 SPEC: must NOT qualify on a non-mattress "WinkBed"-named product (24.0s)
  ✓  11 [Chrome Desktop] › testing\winkbeds-win257-cart-modal.spec.js:503:3 › A. Trigger & qualification › TC-11 Does NOT qualify without the checkout-return signals (23.7s)
  ✓  12 [Chrome Desktop] › testing\winkbeds-win257-cart-modal.spec.js:512:3 › A. Trigger & qualification › TC-12 Trigger cookie is armed by clicking a checkout link (13.5s)
  ✓  13 [Chrome Desktop] › testing\winkbeds-win257-cart-modal.spec.js:546:3 › B. Modal content & styling › TC-13 Copy matches the Figma exactly (9.7s)
  ✓  14 [Chrome Desktop] › testing\winkbeds-win257-cart-modal.spec.js:561:3 › B. Modal content & styling › TC-14 $125 in the price line is struck through (8.8s)
  ✓  15 [Chrome Desktop] › testing\winkbeds-win257-cart-modal.spec.js:571:3 › B. Modal content & styling › TC-15 Overlay dims the page and sits above site content (9.1s)
  ✓  16 [Chrome Desktop] › testing\winkbeds-win257-cart-modal.spec.js:582:3 › B. Modal content & styling › TC-16 Underlying page is blurred (Figma "underlying page shading") (9.7s)
  ✓  17 [Chrome Desktop] › testing\winkbeds-win257-cart-modal.spec.js:592:3 › B. Modal content & styling › TC-17 Wrapper gradient, radius and shadow match the design (8.7s)
  ✓  18 [Chrome Desktop] › testing\winkbeds-win257-cart-modal.spec.js:602:3 › B. Modal content & styling › TC-18 Five snowflake decorations load and are non-interactive (9.7s)
  ✓  19 [Chrome Desktop] › testing\winkbeds-win257-cart-modal.spec.js:618:3 › B. Modal content & styling › TC-19 CTA styling: red pill, white bold text (9.1s)
  ✓  20 [Chrome Desktop] › testing\winkbeds-win257-cart-modal.spec.js:631:3 › B. Modal content & styling › TC-20 Modal is centred and within the 674px max width (9.2s)
  ✓  21 [Chrome Desktop] › testing\winkbeds-win257-cart-modal.spec.js:643:3 › B. Modal content & styling › TC-21 Close icon is present, sized and positioned per CSS (10.0s)
  ✓  22 [Chrome Desktop] › testing\winkbeds-win257-cart-modal.spec.js:654:3 › B. Modal content & styling › TC-22 Spinner is hidden until the CTA is clicked (9.7s)
  ✓  23 [Chrome Desktop] › testing\winkbeds-win257-cart-modal.spec.js:659:3 › B. Modal content & styling › TC-23 No duplicate modal on repeated injection (11.2s)
  ✓  24 [Chrome Desktop] › testing\winkbeds-win257-cart-modal.spec.js:684:3 › C. Dismissal › TC-24 Close icon dismisses the modal (11.7s)
  ✓  25 [Chrome Desktop] › testing\winkbeds-win257-cart-modal.spec.js:693:3 › C. Dismissal › TC-25 Clicking outside (overlay) dismisses the modal (11.5s)
  ✓  26 [Chrome Desktop] › testing\winkbeds-win257-cart-modal.spec.js:699:3 › C. Dismissal › TC-26 Clicking inside the modal does NOT dismiss it (11.3s)
  ✓  27 [Chrome Desktop] › testing\winkbeds-win257-cart-modal.spec.js:705:3 › C. Dismissal › TC-27 Page blur is removed after dismissal (10.5s)
  ✘  28 [Chrome Desktop] › testing\winkbeds-win257-cart-modal.spec.js:712:3 › C. Dismissal › TC-28 SPEC: Escape key dismisses the modal (11.2s)
  ✘  29 [Chrome Desktop] › testing\winkbeds-win257-cart-modal.spec.js:721:3 › C. Dismissal › TC-29 SPEC: close control is keyboard operable (Enter) (11.8s)
  ✘  30 [Chrome Desktop] › testing\winkbeds-win257-cart-modal.spec.js:772:5 › D. CTA swap & redirect › TC-30 Swap keeps size+firmness and adds Frost Cooling — Luxury Firm / Queen (1.1h)
  ✘  31 [Chrome Desktop] › testing\winkbeds-win257-cart-modal.spec.js:772:5 › D. CTA swap & redirect › TC-30 Swap keeps size+firmness and adds Frost Cooling — Softer / King (1.7m)
  ✓  32 [Chrome Desktop] › testing\winkbeds-win257-cart-modal.spec.js:772:5 › D. CTA swap & redirect › TC-30 Swap keeps size+firmness and adds Frost Cooling — Firmer / Cal. King (1.9m)
  ✘  33 [Chrome Desktop] › testing\winkbeds-win257-cart-modal.spec.js:772:5 › D. CTA swap & redirect › TC-30 Swap keeps size+firmness and adds Frost Cooling — Plus / Twin XL (2.5m)
  ✘  34 [Chrome Desktop] › testing\winkbeds-win257-cart-modal.spec.js:799:3 › D. CTA swap & redirect › TC-31 Spinner replaces the CTA label while the swap runs (0ms)
  -  35 [Chrome Desktop] › testing\winkbeds-win257-cart-modal.spec.js:817:3 › D. CTA swap & redirect › TC-32 SPEC: no redirect when the swap cannot complete
  -  36 [Chrome Desktop] › testing\winkbeds-win257-cart-modal.spec.js:848:3 › D. CTA swap & redirect › TC-33 SPEC: double-click must not double-mutate the cart
  -  37 [Chrome Desktop] › testing\winkbeds-win257-cart-modal.spec.js:892:3 › D. CTA swap & redirect › TC-40 SPEC: no discount redirect when the item cannot be upgraded
  -  38 [Chrome Desktop] › testing\winkbeds-win257-cart-modal.spec.js:959:3 › D. CTA swap & redirect › TC-34 Discount URL is exactly the Figma-specified link
  -  39 [Chrome Desktop] › testing\winkbeds-win257-cart-modal.spec.js:978:3 › E. Responsive & hygiene › TC-35 Modal fits the viewport with no horizontal overflow
  -  40 [Chrome Desktop] › testing\winkbeds-win257-cart-modal.spec.js:1021:3 › E. Responsive & hygiene › TC-36 Snowflakes do not overlap the CTA or the title
  -  41 [Chrome Desktop] › testing\winkbeds-win257-cart-modal.spec.js:1041:3 › E. Responsive & hygiene › TC-37 Title uses the mobile type ramp below 768px
  -  42 [Chrome Desktop] › testing\winkbeds-win257-cart-modal.spec.js:1061:3 › E. Responsive & hygiene › TC-38 No JS errors attributable to the variation
  -  43 [Chrome Desktop] › testing\winkbeds-win257-cart-modal.spec.js:1137:3 › E. Responsive & hygiene › TC-39 Background must be scroll-locked while the modal is open


  1) [Chrome Desktop] › testing\winkbeds-win257-cart-modal.spec.js:372:3 › A. Trigger & qualification › TC-04 Real activation path fires after the 5s delay (no manual injection) 

    Error: the 5s activation delay must be honoured — modal appeared 4618ms after navigationStart

    [2mexpect([22m[31mreceived[39m[2m).[22mtoBeGreaterThanOrEqual[2m([22m[32mexpected[39m[2m)[22m

    Expected: >= [32m5000[39m
    Received:    [31m4618[39m

      417 |       appearedAtMs,
      418 |       `the 5s activation delay must be honoured — modal appeared ${Math.round(appearedAtMs)}ms after navigationStart`,
    > 419 |     ).toBeGreaterThanOrEqual(5000);
          |       ^
      420 |   });
      421 |
      422 |   test('TC-05 Does NOT qualify: cart empty', async ({ page }) => {
        at D:\Installed-apps-files\Github\Git_repos\HexdriftTestingWorld\my-playwright-project\testing\winkbeds-win257-cart-modal.spec.js:419:7

    attachment #1: screenshot (image/png) ──────────────────────────────────────────────────────────
    test-results\winkbeds-win257-cart-modal-e9fef--delay-no-manual-injection--Chrome-Desktop\test-failed-1.png
    ────────────────────────────────────────────────────────────────────────────────────────────────

    Error Context: test-results\winkbeds-win257-cart-modal-e9fef--delay-no-manual-injection--Chrome-Desktop\error-context.md

  2) [Chrome Desktop] › testing\winkbeds-win257-cart-modal.spec.js:481:3 › A. Trigger & qualification › TC-10 SPEC: must NOT qualify on a non-mattress "WinkBed"-named product 

    Error: BUG-04: cartMeetsMattressCondition uses title.includes("winkbed"), which matches Blue Collection / Kids Mattress — the offer is shown for a product it cannot upgrade

    [2mexpect([22m[31mreceived[39m[2m).[22mtoBe[2m([22m[32mexpected[39m[2m) // Object.is equality[22m

    Expected: [32mfalse[39m
    Received: [31mtrue[39m

      498 |       'BUG-04: cartMeetsMattressCondition uses title.includes("winkbed"), which matches ' +
      499 |         'Blue Collection / Kids Mattress — the offer is shown for a product it cannot upgrade',
    > 500 |     ).toBe(false);
          |       ^
      501 |   });
      502 |
      503 |   test('TC-11 Does NOT qualify without the checkout-return signals', async ({ page }) => {
        at D:\Installed-apps-files\Github\Git_repos\HexdriftTestingWorld\my-playwright-project\testing\winkbeds-win257-cart-modal.spec.js:500:7

    attachment #1: screenshot (image/png) ──────────────────────────────────────────────────────────
    test-results\winkbeds-win257-cart-modal-389a6-ress-WinkBed--named-product-Chrome-Desktop\test-failed-1.png
    ────────────────────────────────────────────────────────────────────────────────────────────────

    Error Context: test-results\winkbeds-win257-cart-modal-389a6-ress-WinkBed--named-product-Chrome-Desktop\error-context.md

  3) [Chrome Desktop] › testing\winkbeds-win257-cart-modal.spec.js:712:3 › C. Dismissal › TC-28 SPEC: Escape key dismisses the modal 

    Error: BUG-11: no keydown handler — Escape does not close the dialog

    [2mexpect([22m[31mreceived[39m[2m).[22mtoBe[2m([22m[32mexpected[39m[2m) // Object.is equality[22m

    Expected: [32m"none"[39m
    Received: [31m"block"[39m

      716 |       (await modalVisible(page)).containerDisplay,
      717 |       'BUG-11: no keydown handler — Escape does not close the dialog',
    > 718 |     ).toBe('none');
          |       ^
      719 |   });
      720 |
      721 |   test('TC-29 SPEC: close control is keyboard operable (Enter)', async ({ page }) => {
        at D:\Installed-apps-files\Github\Git_repos\HexdriftTestingWorld\my-playwright-project\testing\winkbeds-win257-cart-modal.spec.js:718:7

    attachment #1: screenshot (image/png) ──────────────────────────────────────────────────────────
    test-results\winkbeds-win257-cart-modal-875d1-ape-key-dismisses-the-modal-Chrome-Desktop\test-failed-1.png
    ────────────────────────────────────────────────────────────────────────────────────────────────

    Error Context: test-results\winkbeds-win257-cart-modal-875d1-ape-key-dismisses-the-modal-Chrome-Desktop\error-context.md

  4) [Chrome Desktop] › testing\winkbeds-win257-cart-modal.spec.js:721:3 › C. Dismissal › TC-29 SPEC: close control is keyboard operable (Enter) 

    Error: BUG-11: role=button + tabindex=0 but click-only handler

    [2mexpect([22m[31mreceived[39m[2m).[22mtoBe[2m([22m[32mexpected[39m[2m) // Object.is equality[22m

    Expected: [32m"none"[39m
    Received: [31m"block"[39m

      726 |       (await modalVisible(page)).containerDisplay,
      727 |       'BUG-11: role=button + tabindex=0 but click-only handler',
    > 728 |     ).toBe('none');
          |       ^
      729 |   });
      730 | });
      731 |
        at D:\Installed-apps-files\Github\Git_repos\HexdriftTestingWorld\my-playwright-project\testing\winkbeds-win257-cart-modal.spec.js:728:7

    attachment #1: screenshot (image/png) ──────────────────────────────────────────────────────────
    test-results\winkbeds-win257-cart-modal-82354-is-keyboard-operable-Enter--Chrome-Desktop\test-failed-1.png
    ────────────────────────────────────────────────────────────────────────────────────────────────

    Error Context: test-results\winkbeds-win257-cart-modal-82354-is-keyboard-operable-Enter--Chrome-Desktop\error-context.md

  5) [Chrome Desktop] › testing\winkbeds-win257-cart-modal.spec.js:772:5 › D. CTA swap & redirect › TC-30 Swap keeps size+firmness and adds Frost Cooling — Luxury Firm / Queen 

    [31mTest timeout of 150000ms exceeded.[39m

    Error: page.evaluate: Test timeout of 150000ms exceeded.

      192 |   }
      193 |
    > 194 |   const result = await page.evaluate(async (items) => {
          |                             ^
      195 |     /*
      196 |      * Cart calls, made resilient to Shopify's rate limiter.
      197 |      *
        at setCart (D:\Installed-apps-files\Github\Git_repos\HexdriftTestingWorld\my-playwright-project\testing\winkbeds-win257-cart-modal.spec.js:194:29)
        at D:\Installed-apps-files\Github\Git_repos\HexdriftTestingWorld\my-playwright-project\testing\winkbeds-win257-cart-modal.spec.js:776:22

    attachment #1: screenshot (image/png) ──────────────────────────────────────────────────────────
    test-results\winkbeds-win257-cart-modal-52ae4-Cooling-—-Luxury-Firm-Queen-Chrome-Desktop\test-failed-1.png
    ────────────────────────────────────────────────────────────────────────────────────────────────

    Error Context: test-results\winkbeds-win257-cart-modal-52ae4-Cooling-—-Luxury-Firm-Queen-Chrome-Desktop\error-context.md

  6) [Chrome Desktop] › testing\winkbeds-win257-cart-modal.spec.js:772:5 › D. CTA swap & redirect › TC-30 Swap keeps size+firmness and adds Frost Cooling — Softer / King 

    Error: [2mexpect([22m[31mreceived[39m[2m).[22mtoBe[2m([22m[32mexpected[39m[2m) // Object.is equality[22m

    Expected: [32m"King[7m with Frost Cooling Cover[27m"[39m
    Received: [31m"King"[39m

      791 |       expect(after.count, `cart must still hold exactly one mattress. ${trace}`).toBe(1);
      792 |       expect(after.items[0].title).toContain(before.main.product);
    > 793 |       expect(after.items[0].variant).toBe(`${combo.size} with Frost Cooling Cover`);
          |                                      ^
      794 |       expect(after.items[0].qty).toBe(1);
      795 |       expect(seen.url, 'must redirect to the discount URL').toBe(COPY.discountUrl);
      796 |     });
        at D:\Installed-apps-files\Github\Git_repos\HexdriftTestingWorld\my-playwright-project\testing\winkbeds-win257-cart-modal.spec.js:793:38

    attachment #1: cart-writes (text/plain) ────────────────────────────────────────────────────────
    (none)
    
    final cart: {"count":1,"items":[{"title":"The SOFTER WinkBed - King","variant":"King","qty":1}]}
    ────────────────────────────────────────────────────────────────────────────────────────────────

    Error Context: test-results\winkbeds-win257-cart-modal-0b135-Frost-Cooling-—-Softer-King-Chrome-Desktop\error-context.md

  7) [Chrome Desktop] › testing\winkbeds-win257-cart-modal.spec.js:772:5 › D. CTA swap & redirect › TC-30 Swap keeps size+firmness and adds Frost Cooling — Plus / Twin XL 

    [31mTest timeout of 150000ms exceeded while setting up "page".[39m

    Error: browserContext.newPage: Test timeout of 150000ms exceeded.

    Error Context: test-results\winkbeds-win257-cart-modal-1b42a-rost-Cooling-—-Plus-Twin-XL-Chrome-Desktop\error-context.md

  8) [Chrome Desktop] › testing\winkbeds-win257-cart-modal.spec.js:799:3 › D. CTA swap & redirect › TC-31 Spinner replaces the CTA label while the swap runs 

    Error: worker process exited unexpectedly (code=3221225794, signal=null)

  8 failed
    [Chrome Desktop] › testing\winkbeds-win257-cart-modal.spec.js:372:3 › A. Trigger & qualification › TC-04 Real activation path fires after the 5s delay (no manual injection) 
    [Chrome Desktop] › testing\winkbeds-win257-cart-modal.spec.js:481:3 › A. Trigger & qualification › TC-10 SPEC: must NOT qualify on a non-mattress "WinkBed"-named product 
    [Chrome Desktop] › testing\winkbeds-win257-cart-modal.spec.js:712:3 › C. Dismissal › TC-28 SPEC: Escape key dismisses the modal 
    [Chrome Desktop] › testing\winkbeds-win257-cart-modal.spec.js:721:3 › C. Dismissal › TC-29 SPEC: close control is keyboard operable (Enter) 
    [Chrome Desktop] › testing\winkbeds-win257-cart-modal.spec.js:772:5 › D. CTA swap & redirect › TC-30 Swap keeps size+firmness and adds Frost Cooling — Luxury Firm / Queen 
    [Chrome Desktop] › testing\winkbeds-win257-cart-modal.spec.js:772:5 › D. CTA swap & redirect › TC-30 Swap keeps size+firmness and adds Frost Cooling — Softer / King 
    [Chrome Desktop] › testing\winkbeds-win257-cart-modal.spec.js:772:5 › D. CTA swap & redirect › TC-30 Swap keeps size+firmness and adds Frost Cooling — Plus / Twin XL 
    [Chrome Desktop] › testing\winkbeds-win257-cart-modal.spec.js:799:3 › D. CTA swap & redirect › TC-31 Spinner replaces the CTA label while the swap runs 
  9 did not run
  26 passed (1.4h)
